../Core/Src/function.c:91:6:UART1_StartUart	8	static
../Core/Src/function.c:98:6:UART_STA_ClearBuffer	8	static
../Core/Src/function.c:108:6:HAL_UART_RxCpltCallback	24	static
../Core/Src/function.c:179:6:UART_TX_ClearBuffer	8	static
../Core/Src/function.c:184:6:UART_STA_SendRaw	16	static
../Core/Src/function.c:193:6:UART_STA_SendAT	144	static
../Core/Src/function.c:201:6:UART_STA_WaitFor	24	static
../Core/Src/function.c:214:6:UART_STA_SendCmdWait	32	static
../Core/Src/function.c:237:7:ExtractJsonValue	64	static
../Core/Src/function.c:283:6:ParsePayload	40	static
../Core/Src/function.c:347:6:ProcessRecv	56	static
../Core/Src/function.c:401:6:Handle_RQ	8	static
../Core/Src/function.c:408:6:Handle_G	16	static
../Core/Src/function.c:417:6:Handle_S	16	static
../Core/Src/function.c:435:6:SendDataResponse	264	static
../Core/Src/function.c:470:6:Save_Mac	16	static
../Core/Src/function.c:495:6:Get_CCO_Mac	24	static
../Core/Src/function.c:532:6:HLW_Init	8	static
../Core/Src/function.c:541:6:HLW_ReadData	24	static
../Core/Src/function.c:626:6:HLW_IsDataValid	4	static
../Core/Src/function.c:631:8:HLW_GetData	4	static
../Core/Src/function.c:643:6:UART_GPS_Init	8	static
../Core/Src/function.c:660:6:GPS_Stop	8	static
../Core/Src/function.c:669:6:GPS_Start	8	static
../Core/Src/function.c:680:6:GPS_HasFix	4	static
../Core/Src/function.c:688:9:GPS_GetFixQuality	4	static
../Core/Src/function.c:696:13:latitudeConv	24	static
../Core/Src/function.c:718:13:longitudeConv	24	static
../Core/Src/function.c:743:6:GPS_ProcessData	48	static
../Core/Src/function.c:828:6:GPS_GetCoordinates	16	static
../Core/Src/function.c:837:13:GPS_GetTimeString	4	static
../Core/Src/function.c:849:6:UART_ConfigurePriorities	8	static
../Core/Src/function.c:867:6:blinkLED	32	static
../Core/Src/function.c:878:6:Set_PWM1_Duty	16	static
