../Core/Src/com_mcu2.c:44:6:MCU2_Comm_Init	8	static
../Core/Src/com_mcu2.c:60:6:MCU2_UART_RxCallback	8	static
../Core/Src/com_mcu2.c:91:6:MCU1_SendNodeCount	48	static
../Core/Src/com_mcu2.c:99:6:MCU1_SendNodeByIndex	400	static
../Core/Src/com_mcu2.c:135:6:MCU1_SendRegByIndex	296	static
../Core/Src/com_mcu2.c:159:6:MCU1_SendRegCCO	272	static
../Core/Src/com_mcu2.c:170:6:MCU1_SendPWM_Group	416	static
../Core/Src/com_mcu2.c:210:6:MCU1_SendPWM_Individu	416	static
../Core/Src/com_mcu2.c:248:6:MCU1_SendOK	24	static
../Core/Src/com_mcu2.c:254:6:MCU1_SendError	88	static
../Core/Src/com_mcu2.c:264:6:MCU1_ProcessMCU2Request	56	static
