../Core/Src/uart_cco.c:51:6:UART_CCO_ClearBuffer	8	static
../Core/Src/uart_cco.c:57:6:UART_CCO_ClearRecvBuffer	8	static
../Core/Src/uart_cco.c:63:6:UART_CCO_ClearNewTopoList	16	static
../Core/Src/uart_cco.c:70:6:UART_CCO_Init	8	static
../Core/Src/uart_cco.c:81:6:HAL_UART_RxCpltCallback	24	static
../Core/Src/uart_cco.c:134:6:UART_CCO_SendRaw	16	static
../Core/Src/uart_cco.c:145:6:UART_CCO_SendAT	144	static
../Core/Src/uart_cco.c:152:6:UART_CCO_WaitFor	24	static
../Core/Src/uart_cco.c:165:6:UART_CCO_SendCmdWait	560	static
../Core/Src/uart_cco.c:224:6:UART_CCO_ParseTopoInfo	32	static
../Core/Src/uart_cco.c:237:6:TOPOINFO	16	static
../Core/Src/uart_cco.c:265:6:UART_CCO_AddNewTopoMAC	24	static
../Core/Src/uart_cco.c:300:6:UART_CCO_SyncTopoList	16	static
../Core/Src/uart_cco.c:346:6:UART_CCO_ClearNewWHList	16	static
../Core/Src/uart_cco.c:353:6:UART_CCO_ParseWHInfo	32	static
../Core/Src/uart_cco.c:363:6:UART_CCO_AddNewWHMAC	24	static
../Core/Src/uart_cco.c:380:6:UART_CCO_SyncWHList	16	static
../Core/Src/uart_cco.c:390:6:WHINFO	16	static
../Core/Src/uart_cco.c:421:6:CCO_SendData_SENDEX	96	static
../Core/Src/uart_cco.c:472:6:ExtractJsonValue	72	static
../Core/Src/uart_cco.c:529:6:CCO_ParseRECV_Line	40	static
../Core/Src/uart_cco.c:586:6:CCO_ParseSTAResponse	120	static
../Core/Src/uart_cco.c:655:6:CCO_WaitAndParse_RECV	312	static
../Core/Src/uart_cco.c:713:6:CCO_FindNodeByMAC	24	static
../Core/Src/uart_cco.c:726:6:CCO_UpdateNodeData	24	static
../Core/Src/uart_cco.c:751:6:CCO_PollAllSTA_SENDEX	400	static
../Core/Src/uart_cco.c:829:6:CCO_PollAllSTA_PWM	408	static
../Core/Src/uart_cco.c:893:6:USART2_SendNodeAsJSON	320	static
../Core/Src/uart_cco.c:922:6:USART2_SendAllNodes_JSON	48	static
../Core/Src/uart_cco.c:949:6:config	8	static
../Core/Src/uart_cco.c:966:6:searching	16	static
../Core/Src/uart_cco.c:997:6:Save_Node	8	static
