../Drivers/CMSIS/Include/core_cm4.h:1933:34:__NVIC_SystemReset	4	static,ignoring_inline_asm
../Core/Src/main.c:93:5:main	24	static
../Core/Src/main.c:354:6:SystemClock_Config	88	static
../Core/Src/main.c:395:13:MX_I2C1_Init	8	static
../Core/Src/main.c:443:13:MX_I2C3_Init	8	static
../Core/Src/main.c:491:13:MX_LPUART1_UART_Init	8	static
../Core/Src/main.c:538:13:MX_USART1_UART_Init	8	static
../Core/Src/main.c:586:13:MX_USART2_UART_Init	8	static
../Core/Src/main.c:634:13:MX_USART3_UART_Init	8	static
../Core/Src/main.c:682:13:MX_TIM1_Init	40	static
../Core/Src/main.c:729:13:MX_TIM2_Init	40	static
../Core/Src/main.c:774:13:MX_GPIO_Init	48	static
../Core/Src/main.c:855:6:Error_Handler	4	static,ignoring_inline_asm
