../Core/Src/mqtt.c:13:10:Modbus_CRC16	24	static
../Core/Src/mqtt.c:37:27:send_cmd_and_wait	24	static
../Core/Src/mqtt.c:53:20:MQTT_CheckNetwork	16	static,ignoring_inline_asm
../Core/Src/mqtt.c:116:20:MQTT_Open	272	static
../Core/Src/mqtt.c:125:20:MQTT_Connect	272	static
../Core/Src/mqtt.c:143:20:MQTT_Subscribe	344	static
../Core/Src/mqtt.c:156:20:MQTT_Publish	576	static
../Core/Src/mqtt.c:228:20:MQTT_Disconnect	8	static
../Core/Src/mqtt.c:233:20:MQTT_Close	8	static
../Core/Src/mqtt.c:238:20:MQTT_Reconnect	8	static
