../Core/Src/ssd1306.c:160:13:SSD1309_SendCmd	32	static
../Core/Src/ssd1306.c:166:13:SSD1309_SendData	32	static
../Core/Src/ssd1306.c:174:19:SSD1309_Init	16	static
../Core/Src/ssd1306.c:234:6:SSD1309_Clear	40	static
../Core/Src/ssd1306.c:258:6:SSD1309_Fill	40	static
../Core/Src/ssd1306.c:279:6:SSD1309_DisplayOn	8	static
../Core/Src/ssd1306.c:286:6:SSD1309_DisplayOff	8	static
../Core/Src/ssd1306.c:293:6:SSD1309_SetCursor	16	static
../Core/Src/ssd1306.c:300:6:SSD1309_ClearPage	48	static
../Core/Src/ssd1306.c:317:6:SSD1309_ShowChar	24	static
../Core/Src/ssd1306.c:330:6:SSD1309_ShowString	16	static
../Core/Src/ssd1306.c:344:6:SSD1309_ShowStringCenter	32	static
../Core/Src/ssd1306.c:354:6:SSD1309_ShowCharScaled	40	static
../Core/Src/ssd1306.c:405:6:SSD1309_ShowStringScaled	16	static
../Core/Src/ssd1306.c:415:6:SSD1309_DrawBitmap	24	static
../Core/Src/ssd1306.c:431:6:SSD1309_ClearArea	24	static
../Core/Src/ssd1306.c:446:6:SSD1309_ClearRect	32	static
../Core/Src/ssd1306.c:463:6:SSD1309_DrawProgressBar	32	static
