../Core/Src/uart.c:35:6:UART_Init_Buffer	8	static,ignoring_inline_asm
../Core/Src/uart.c:53:6:UART_ClearBuffer	8	static,ignoring_inline_asm
../Core/Src/uart.c:61:6:UART_FlushRx	32	static,ignoring_inline_asm
../Core/Src/uart.c:89:6:HAL_UART_RxCpltCallback	24	static
../Core/Src/uart.c:181:6:UART_SendString	16	static
../Core/Src/uart.c:186:6:UART_SendATCommand	528	static
../Core/Src/uart.c:199:13:buffer_contains	24	static,ignoring_inline_asm
../Core/Src/uart.c:213:6:UART_WaitForOK	24	static
../Core/Src/uart.c:232:6:UART_WaitForURC	24	static
../Core/Src/uart.c:251:6:UART_WaitForPrompt	24	static
../Core/Src/uart.c:266:6:UART_WaitFor_OK_Then_URC	32	static
../Core/Src/uart.c:310:6:Extract_Payload	32	static
